// Jest Snapshot v1, https://jestjs.io/docs/snapshot-testing

exports[`Settings renders with strange characters in display name 1`] = `
<div>
  <div
    class="sc-dLMFU eKszWq"
    id="db-settings"
  >
    <h4
      class="sc-eldPxv ejECBZ"
    >
      Browser Settings
    </h4>
    <div
      class="sc-feUZmu hpGnMM"
    >
      <div
        class="sc-ikkxIA kOhOhJ"
      >
        <div
          class="sc-dAbbOL gZZSHb"
        >
          <h5
            class="sc-gFqAkR iRnGjc"
          >
            Test åäö settings
          </h5>
          <div
            class="sc-hmdomO blsKLi"
          >
            <label
              class="sc-bXCLTC jgBnOk"
              title=""
            >
              åäö üüü
              <input
                class="sc-eeDRCY twLqP testSetting"
                data-testid="setting-testSetting"
                title=""
                value="true"
              />
            </label>
          </div>
          <h5
            class="sc-gFqAkR iRnGjc"
          >
            Product Analytics
          </h5>
        </div>
        <div
          class="sc-dAbbOL gZZSHb"
        />
      </div>
    </div>
  </div>
</div>
`;
